// Vitest Snapshot v1, https://vitest.dev/guide/snapshot.html

exports[`magicui/AnimatedBeam > renders the SVG beam shell with token gradient stops 1`] = `
<svg
  class="pointer-events-none absolute top-0 left-0 transform-gpu stroke-2"
  fill="none"
  height="0"
  viewBox="0 0 0 0"
  width="0"
  xmlns="http://www.w3.org/2000/svg"
>
  <path
    d="M 0,0 Q 0,0 0,0"
    stroke="hsl(var(--border))"
    stroke-linecap="round"
    stroke-opacity="0.2"
    stroke-width="2"
  />
  <path
    d="M 0,0 Q 0,0 0,0"
    stroke="url(#:r0:)"
    stroke-linecap="round"
    stroke-opacity="1"
    stroke-width="2"
  />
  <defs>
    <lineargradient
      class="transform-gpu"
      gradientUnits="userSpaceOnUse"
      id=":r0:"
      x1="0%"
      x2="0%"
      y1="0%"
      y2="0%"
    >
      <stop
        stop-color="hsl(var(--brand-deep))"
        stop-opacity="0"
      />
      <stop
        stop-color="hsl(var(--brand-deep))"
      />
      <stop
        offset="32.5%"
        stop-color="hsl(var(--primary))"
      />
      <stop
        offset="100%"
        stop-color="hsl(var(--primary))"
        stop-opacity="0"
      />
    </lineargradient>
  </defs>
</svg>
`;
