// Vitest Snapshot v1, https://vitest.dev/guide/snapshot.html

exports[`magicui/AnimatedGridPattern > renders the SVG grid pattern with default props 1`] = `
<svg
  aria-hidden="true"
  class="pointer-events-none absolute inset-0 h-full w-full fill-muted-foreground/30 stroke-muted-foreground/30"
>
  <defs>
    <pattern
      height="40"
      id=":r0:"
      patternUnits="userSpaceOnUse"
      width="40"
      x="-1"
      y="-1"
    >
      <path
        d="M.5 40V.5H40"
        fill="none"
        stroke-dasharray="0"
      />
    </pattern>
  </defs>
  <rect
    fill="url(#:r0:)"
    height="100%"
    width="100%"
  />
  <svg
    class="overflow-visible"
    x="-1"
    y="-1"
  />
</svg>
`;
