// Vitest Snapshot v1, https://vitest.dev/guide/snapshot.html

exports[`tremor/Tracker > renders the kill-chain phase row 1`] = `
<div
  class="group flex h-8 w-full items-center"
>
  <div
    class="size-full overflow-hidden px-[0.5px] transition first:rounded-l-[4px] first:pl-0 last:rounded-r-[4px] last:pr-0 sm:px-px"
    title="recon"
  >
    <div
      class="size-full rounded-[1px] bg-success"
    />
  </div>
  <div
    class="size-full overflow-hidden px-[0.5px] transition first:rounded-l-[4px] first:pl-0 last:rounded-r-[4px] last:pr-0 sm:px-px"
    title="scan"
  >
    <div
      class="size-full rounded-[1px] bg-success"
    />
  </div>
  <div
    class="size-full overflow-hidden px-[0.5px] transition first:rounded-l-[4px] first:pl-0 last:rounded-r-[4px] last:pr-0 sm:px-px"
    title="exploit"
  >
    <div
      class="size-full rounded-[1px] bg-warning"
    />
  </div>
  <div
    class="size-full overflow-hidden px-[0.5px] transition first:rounded-l-[4px] first:pl-0 last:rounded-r-[4px] last:pr-0 sm:px-px"
    title="post"
  >
    <div
      class="size-full rounded-[1px] bg-muted-foreground"
    />
  </div>
</div>
`;
